V3 11
FL "E:/Programing/University Projects/VHDL/the_8bit_multiplier_using_pipeline/C_Module.vhd" 2020/05/30.23:42:56 P.20131013
EN work/C_Module 1590869102 \
      FL "E:/Programing/University Projects/VHDL/the_8bit_multiplier_using_pipeline/C_Module.vhd" \
      PB ieee/std_logic_1164 1381692176
AR work/C_Module/Behavioral 1590869103 \
      FL "E:/Programing/University Projects/VHDL/the_8bit_multiplier_using_pipeline/C_Module.vhd" \
      EN work/C_Module 1590869102 CP work/Full_Adder
FL "E:/Programing/University Projects/VHDL/the_8bit_multiplier_using_pipeline/Full_Adder.vhd" 2020/05/30.22:42:26 P.20131013
EN work/Full_Adder 1590869100 \
      FL "E:/Programing/University Projects/VHDL/the_8bit_multiplier_using_pipeline/Full_Adder.vhd" \
      PB ieee/std_logic_1164 1381692176
AR work/Full_Adder/Behavioral 1590869101 \
      FL "E:/Programing/University Projects/VHDL/the_8bit_multiplier_using_pipeline/Full_Adder.vhd" \
      EN work/Full_Adder 1590869100 CP work/Half_Adder
FL "E:/Programing/University Projects/VHDL/the_8bit_multiplier_using_pipeline/Half_Adder.vhd" 2020/05/30.21:01:14 P.20131013
EN work/Half_Adder 1590869098 \
      FL "E:/Programing/University Projects/VHDL/the_8bit_multiplier_using_pipeline/Half_Adder.vhd" \
      PB ieee/std_logic_1164 1381692176
AR work/Half_Adder/Behavioral 1590869099 \
      FL "E:/Programing/University Projects/VHDL/the_8bit_multiplier_using_pipeline/Half_Adder.vhd" \
      EN work/Half_Adder 1590869098
